[debug] [2025-08-29T20:13:29.192Z] ----------------------------------------------------------------------
[debug] [2025-08-29T20:13:29.197Z] Command:       D:\Program Files\nodejs\node.exe C:\Users\Raunak\AppData\Roaming\npm\node_modules\firebase-tools\lib\bin\firebase.js init
[debug] [2025-08-29T20:13:29.197Z] CLI Version:   14.8.0
[debug] [2025-08-29T20:13:29.197Z] Platform:      win32
[debug] [2025-08-29T20:13:29.198Z] Node Version:  v22.16.0
[debug] [2025-08-29T20:13:29.198Z] Time:          Fri Aug 29 2025 22:13:29 GMT+0200 (Central European Summer Time)
[debug] [2025-08-29T20:13:29.198Z] ----------------------------------------------------------------------
[debug] 
[debug] [2025-08-29T20:13:29.428Z] > command requires scopes: ["email","openid","https://www.googleapis.com/auth/cloudplatformprojects.readonly","https://www.googleapis.com/auth/firebase","https://www.googleapis.com/auth/cloud-platform"]
[debug] [2025-08-29T20:13:29.428Z] > authorizing via signed-in user (raunak200308@gmail.com)
[info] 
     ######## #### ########  ######## ########     ###     ######  ########
     ##        ##  ##     ## ##       ##     ##  ##   ##  ##       ##
     ######    ##  ########  ######   ########  #########  ######  ######
     ##        ##  ##    ##  ##       ##     ## ##     ##       ## ##
     ##       #### ##     ## ######## ########  ##     ##  ######  ########

You're about to initialize a Firebase project in this directory:

  D:\Downloads

Before we get started, keep in mind:

  * You are initializing within an existing Firebase project directory

[info] 
=== Project Setup
[info] 
[info] First, let's associate this project directory with a Firebase project.
[info] You can create multiple project aliases by running firebase use --add, 
[info] but for now we'll just set up a default project.
[info] 
[debug] [2025-08-29T20:14:04.190Z] Using project from CLI flag: thirstymart
[debug] [2025-08-29T20:14:04.191Z] Checked if tokens are valid: true, expires at: 1756501784569
[debug] [2025-08-29T20:14:04.192Z] Checked if tokens are valid: true, expires at: 1756501784569
[debug] [2025-08-29T20:14:04.193Z] >>> [apiv2][query] GET https://firebase.googleapis.com/v1beta1/projects/thirstymart [none]
[debug] [2025-08-29T20:14:05.166Z] <<< [apiv2][status] GET https://firebase.googleapis.com/v1beta1/projects/thirstymart 403
[debug] [2025-08-29T20:14:05.166Z] <<< [apiv2][body] GET https://firebase.googleapis.com/v1beta1/projects/thirstymart {"error":{"code":403,"message":"The caller does not have permission","status":"PERMISSION_DENIED"}}
[debug] [2025-08-29T20:14:05.167Z] Request to https://firebase.googleapis.com/v1beta1/projects/thirstymart had HTTP Error: 403, The caller does not have permission
[debug] [2025-08-29T20:14:05.168Z] FirebaseError: Request to https://firebase.googleapis.com/v1beta1/projects/thirstymart had HTTP Error: 403, The caller does not have permission
    at responseToError (C:\Users\Raunak\AppData\Roaming\npm\node_modules\firebase-tools\lib\responseToError.js:52:12)
    at RetryOperation._fn (C:\Users\Raunak\AppData\Roaming\npm\node_modules\firebase-tools\lib\apiv2.js:312:77)
    at process.processTicksAndRejections (node:internal/process/task_queues:105:5)
[error] 
[error] Error: Failed to get Firebase project thirstymart. Please make sure the project exists and your account has permission to access it.
[debug] [2025-08-29T20:14:28.665Z] ----------------------------------------------------------------------
[debug] [2025-08-29T20:14:28.670Z] Command:       D:\Program Files\nodejs\node.exe C:\Users\Raunak\AppData\Roaming\npm\node_modules\firebase-tools\lib\bin\firebase.js init
[debug] [2025-08-29T20:14:28.672Z] CLI Version:   14.8.0
[debug] [2025-08-29T20:14:28.672Z] Platform:      win32
[debug] [2025-08-29T20:14:28.673Z] Node Version:  v22.16.0
[debug] [2025-08-29T20:14:28.674Z] Time:          Fri Aug 29 2025 22:14:28 GMT+0200 (Central European Summer Time)
[debug] [2025-08-29T20:14:28.674Z] ----------------------------------------------------------------------
[debug] 
[debug] [2025-08-29T20:14:29.017Z] > command requires scopes: ["email","openid","https://www.googleapis.com/auth/cloudplatformprojects.readonly","https://www.googleapis.com/auth/firebase","https://www.googleapis.com/auth/cloud-platform"]
[debug] [2025-08-29T20:14:29.018Z] > authorizing via signed-in user (raunak200308@gmail.com)
[info] 
     ######## #### ########  ######## ########     ###     ######  ########
     ##        ##  ##     ## ##       ##     ##  ##   ##  ##       ##
     ######    ##  ########  ######   ########  #########  ######  ######
     ##        ##  ##    ##  ##       ##     ## ##     ##       ## ##
     ##       #### ##     ## ######## ########  ##     ##  ######  ########

You're about to initialize a Firebase project in this directory:

  d:\Downloads

Before we get started, keep in mind:

  * You are initializing within an existing Firebase project directory

[info] 
=== Project Setup
[info] 
[info] First, let's associate this project directory with a Firebase project.
[info] You can create multiple project aliases by running firebase use --add, 
[info] but for now we'll just set up a default project.
[info] 
[debug] [2025-08-29T20:14:54.679Z] Using project from CLI flag: thirstymart
[debug] [2025-08-29T20:14:54.680Z] Checked if tokens are valid: true, expires at: 1756501784569
[debug] [2025-08-29T20:14:54.681Z] Checked if tokens are valid: true, expires at: 1756501784569
[debug] [2025-08-29T20:14:54.682Z] >>> [apiv2][query] GET https://firebase.googleapis.com/v1beta1/projects/thirstymart [none]
[debug] [2025-08-29T20:14:55.733Z] <<< [apiv2][status] GET https://firebase.googleapis.com/v1beta1/projects/thirstymart 403
[debug] [2025-08-29T20:14:55.733Z] <<< [apiv2][body] GET https://firebase.googleapis.com/v1beta1/projects/thirstymart {"error":{"code":403,"message":"The caller does not have permission","status":"PERMISSION_DENIED"}}
[debug] [2025-08-29T20:14:55.734Z] Request to https://firebase.googleapis.com/v1beta1/projects/thirstymart had HTTP Error: 403, The caller does not have permission
[debug] [2025-08-29T20:14:55.735Z] FirebaseError: Request to https://firebase.googleapis.com/v1beta1/projects/thirstymart had HTTP Error: 403, The caller does not have permission
    at responseToError (C:\Users\Raunak\AppData\Roaming\npm\node_modules\firebase-tools\lib\responseToError.js:52:12)
    at RetryOperation._fn (C:\Users\Raunak\AppData\Roaming\npm\node_modules\firebase-tools\lib\apiv2.js:312:77)
    at process.processTicksAndRejections (node:internal/process/task_queues:105:5)
[error] 
[error] Error: Failed to get Firebase project thirstymart. Please make sure the project exists and your account has permission to access it.
